// Vitest Snapshot v1, https://vitest.dev/guide/snapshot.html

exports[`Footer Component > renders consistently 1`] = `
<footer
  role="contentinfo"
/>
`;
